About to Exec() some stuff...
Greetings from exec2.c
Greetings from exec2.c
