Z 0: 0
Z 0: 1
Z 0: 2
Z 0: 3
Z 0: 4
Z 0: 5
Z 0: 6
Z 0: 7
Z 0: 8
Z 0: 9
Z 0: 10
Z 0: 11
Z 0: 12
Z 0: 13
Z 0: 14
Z 0: 15
Z 0: 16
Z 0: 17
Z 0: 18
Z 0: 19
Z 0: 20
Z 0: 21
Z 0: 22
Z 0: 23
Z 0: 24
Loaded Program: 512 code | 16 data | 512 bss
L 0: 0 -> 0
L 0: 1 -> 1
L 0: 24 -> 2
System Call: 0 invoked Create
L 0: 4 -> 3
System Call: 0 invoked Open
L 0: 2 -> 4
L 0: 3 -> 5
L 0: 5 -> 6
L 0: 6 -> 7
L 0: 7 -> 8
L 0: 8 -> 9
System Call: 0 invoked Write
System Call: 0 invoked Write
System Call: 0 invoked Write
System Call: 0 invoked Write
System Call: 0 invoked Write
System Call: 0 invoked Write
System Call: 0 invoked Write
System Call: 0 invoked Write
System Call: 0 invoked Write
System Call: 0 invoked Write
System Call: 0 invoked Write
System Call: 0 invoked Write
System Call: 0 invoked Write
System Call: 0 invoked Write
System Call: 0 invoked Write
System Call: 0 invoked Write
System Call: 0 invoked Write
System Call: 0 invoked Write
System Call: 0 invoked Write
System Call: 0 invoked Write
System Call: 0 invoked Write
System Call: 0 invoked Write
System Call: 0 invoked Write
System Call: 0 invoked Write
System Call: 0 invoked Write
System Call: 0 invoked Write
System Call: 0 invoked Write
System Call: 0 invoked Write
System Call: 0 invoked Write
System Call: 0 invoked Write
System Call: 0 invoked Write
System Call: 0 invoked Write
System Call: 0 invoked Write
System Call: 0 invoked Write
System Call: 0 invoked Write
System Call: 0 invoked Write
System Call: 0 invoked Write
System Call: 0 invoked Write
System Call: 0 invoked Write
System Call: 0 invoked Write
System Call: 0 invoked Write
System Call: 0 invoked Write
System Call: 0 invoked Write
System Call: 0 invoked Write
System Call: 0 invoked Write
System Call: 0 invoked Write
System Call: 0 invoked Write
System Call: 0 invoked Write
System Call: 0 invoked Write
System Call: 0 invoked Write
System Call: 0 invoked Write
System Call: 0 invoked Write
System Call: 0 invoked Write
System Call: 0 invoked Write
System Call: 0 invoked Write
System Call: 0 invoked Write
System Call: 0 invoked Write
System Call: 0 invoked Write
System Call: 0 invoked Write
System Call: 0 invoked Write
System Call: 0 invoked Write
System Call: 0 invoked Write
System Call: 0 invoked Write
System Call: 0 invoked Write
System Call: 0 invoked Write
System Call: 0 invoked Write
System Call: 0 invoked Write
System Call: 0 invoked Write
System Call: 0 invoked Write
System Call: 0 invoked Write
System Call: 0 invoked Write
System Call: 0 invoked Write
System Call: 0 invoked Write
System Call: 0 invoked Write
System Call: 0 invoked Write
System Call: 0 invoked Write
System Call: 0 invoked Write
System Call: 0 invoked Write
System Call: 0 invoked Write
System Call: 0 invoked Write
System Call: 0 invoked Close
System Call: 0 invoked Exit
Process 0 exits with 10
No threads ready or runnable, and no pending interrupts.
Assuming the program completed.
Machine halting!

Ticks: total 19213, idle 0, system 1680, user 17533
Disk I/O: reads 0, writes 0
Console I/O: reads 0, writes 0
Paging: faults 0
Network I/O: packets received 0, sent 0

Cleaning up...
