Attempted to write to 200 pages.
Attempted to read from 200 pages.
